Hi there, this is a test
line two
line three
Hi there, this is another test
Goodbye
Child(75960) exited -- success (0)
[1] 75960
