  0 : Hi there, this is a test
  1 : line two
  2 : line three
  3 : Hi there, this is another test
  4 : Goodbye
