"Hi there"
"This is a test"
"Hi there", "This is a test"
